// Jest Snapshot v1, https://goo.gl/fbAQLP

exports[`deps: inline 1`] = `"<button><em class=\\"inline\\"></em></button>"`;

exports[`deps: with inline 1`] = `"<button><em class=\\"inline\\"></em></button>"`;

exports[`deps: without context & inline 1`] = `"<button><i class=\\"ok\\"></i></button>"`;
